<div>
    HTML block start
<script>
    // script stuff <here>
</script>
    < still in block
</div>